Archive member included to satisfy reference by file (symbol)

/Applications/STM32CubeIDE.app/Contents/Eclipse/plugins/com.st.stm32cube.ide.mcu.externaltools.gnu-tools-for-stm32.13.3.rel1.macos64_1.0.100.202509120712/tools/bin/../lib/gcc/arm-none-eabi/13.3.1/../../../../arm-none-eabi/lib/thumb/v7e-m+fp/hard/libc_nano.a(libc_a-exit.o)
                              /Applications/STM32CubeIDE.app/Contents/Eclipse/plugins/com.st.stm32cube.ide.mcu.externaltools.gnu-tools-for-stm32.13.3.rel1.macos64_1.0.100.202509120712/tools/bin/../lib/gcc/arm-none-eabi/13.3.1/../../../../arm-none-eabi/lib/thumb/v7e-m+fp/hard/crt0.o (exit)
/Applications/STM32CubeIDE.app/Contents/Eclipse/plugins/com.st.stm32cube.ide.mcu.externaltools.gnu-tools-for-stm32.13.3.rel1.macos64_1.0.100.202509120712/tools/bin/../lib/gcc/arm-none-eabi/13.3.1/../../../../arm-none-eabi/lib/thumb/v7e-m+fp/hard/libc_nano.a(libc_a-findfp.o)
                              /Applications/STM32CubeIDE.app/Contents/Eclipse/plugins/com.st.stm32cube.ide.mcu.externaltools.gnu-tools-for-stm32.13.3.rel1.macos64_1.0.100.202509120712/tools/bin/../lib/gcc/arm-none-eabi/13.3.1/../../../../arm-none-eabi/lib/thumb/v7e-m+fp/hard/libc_nano.a(libc_a-exit.o) (__stdio_exit_handler)
/Applications/STM32CubeIDE.app/Contents/Eclipse/plugins/com.st.stm32cube.ide.mcu.externaltools.gnu-tools-for-stm32.13.3.rel1.macos64_1.0.100.202509120712/tools/bin/../lib/gcc/arm-none-eabi/13.3.1/../../../../arm-none-eabi/lib/thumb/v7e-m+fp/hard/libc_nano.a(libc_a-fwalk.o)
                              /Applications/STM32CubeIDE.app/Contents/Eclipse/plugins/com.st.stm32cube.ide.mcu.externaltools.gnu-tools-for-stm32.13.3.rel1.macos64_1.0.100.202509120712/tools/bin/../lib/gcc/arm-none-eabi/13.3.1/../../../../arm-none-eabi/lib/thumb/v7e-m+fp/hard/libc_nano.a(libc_a-findfp.o) (_fwalk_sglue)
/Applications/STM32CubeIDE.app/Contents/Eclipse/plugins/com.st.stm32cube.ide.mcu.externaltools.gnu-tools-for-stm32.13.3.rel1.macos64_1.0.100.202509120712/tools/bin/../lib/gcc/arm-none-eabi/13.3.1/../../../../arm-none-eabi/lib/thumb/v7e-m+fp/hard/libc_nano.a(libc_a-memset.o)
                              /Applications/STM32CubeIDE.app/Contents/Eclipse/plugins/com.st.stm32cube.ide.mcu.externaltools.gnu-tools-for-stm32.13.3.rel1.macos64_1.0.100.202509120712/tools/bin/../lib/gcc/arm-none-eabi/13.3.1/../../../../arm-none-eabi/lib/thumb/v7e-m+fp/hard/crt0.o (memset)
/Applications/STM32CubeIDE.app/Contents/Eclipse/plugins/com.st.stm32cube.ide.mcu.externaltools.gnu-tools-for-stm32.13.3.rel1.macos64_1.0.100.202509120712/tools/bin/../lib/gcc/arm-none-eabi/13.3.1/../../../../arm-none-eabi/lib/thumb/v7e-m+fp/hard/libc_nano.a(libc_a-errno.o)
                              ./Core/Src/syscalls.o (__errno)
/Applications/STM32CubeIDE.app/Contents/Eclipse/plugins/com.st.stm32cube.ide.mcu.externaltools.gnu-tools-for-stm32.13.3.rel1.macos64_1.0.100.202509120712/tools/bin/../lib/gcc/arm-none-eabi/13.3.1/../../../../arm-none-eabi/lib/thumb/v7e-m+fp/hard/libc_nano.a(libc_a-init.o)
                              /Applications/STM32CubeIDE.app/Contents/Eclipse/plugins/com.st.stm32cube.ide.mcu.externaltools.gnu-tools-for-stm32.13.3.rel1.macos64_1.0.100.202509120712/tools/bin/../lib/gcc/arm-none-eabi/13.3.1/../../../../arm-none-eabi/lib/thumb/v7e-m+fp/hard/crt0.o (__libc_init_array)
/Applications/STM32CubeIDE.app/Contents/Eclipse/plugins/com.st.stm32cube.ide.mcu.externaltools.gnu-tools-for-stm32.13.3.rel1.macos64_1.0.100.202509120712/tools/bin/../lib/gcc/arm-none-eabi/13.3.1/../../../../arm-none-eabi/lib/thumb/v7e-m+fp/hard/libc_nano.a(libc_a-lock.o)
                              /Applications/STM32CubeIDE.app/Contents/Eclipse/plugins/com.st.stm32cube.ide.mcu.externaltools.gnu-tools-for-stm32.13.3.rel1.macos64_1.0.100.202509120712/tools/bin/../lib/gcc/arm-none-eabi/13.3.1/../../../../arm-none-eabi/lib/thumb/v7e-m+fp/hard/libc_nano.a(libc_a-findfp.o) (__retarget_lock_init_recursive)
/Applications/STM32CubeIDE.app/Contents/Eclipse/plugins/com.st.stm32cube.ide.mcu.externaltools.gnu-tools-for-stm32.13.3.rel1.macos64_1.0.100.202509120712/tools/bin/../lib/gcc/arm-none-eabi/13.3.1/../../../../arm-none-eabi/lib/thumb/v7e-m+fp/hard/libc_nano.a(libc_a-impure.o)
                              /Applications/STM32CubeIDE.app/Contents/Eclipse/plugins/com.st.stm32cube.ide.mcu.externaltools.gnu-tools-for-stm32.13.3.rel1.macos64_1.0.100.202509120712/tools/bin/../lib/gcc/arm-none-eabi/13.3.1/../../../../arm-none-eabi/lib/thumb/v7e-m+fp/hard/libc_nano.a(libc_a-errno.o) (_impure_ptr)
/Applications/STM32CubeIDE.app/Contents/Eclipse/plugins/com.st.stm32cube.ide.mcu.externaltools.gnu-tools-for-stm32.13.3.rel1.macos64_1.0.100.202509120712/tools/bin/../lib/gcc/arm-none-eabi/13.3.1/../../../../arm-none-eabi/lib/thumb/v7e-m+fp/hard/libc_nano.a(libc_a-mallocr.o)
[...]
Memory Configuration

Name             Origin             Length             Attributes
RAM              0x20000000         0x00018000         xrw
RAM2             0x10000000         0x00008000         xrw
FLASH            0x08000000         0x00100000         xr
*default*        0x00000000         0xffffffff

Linker script and memory map

LOAD /Applications/STM32CubeIDE.app/Contents/Eclipse/plugins/com.st.stm32cube.ide.mcu.externaltools.gnu-tools-for-stm32.13.3.rel1.macos64_1.0.100.202509120712/tools/bin/../lib/gcc/arm-none-eabi/13.3.1/thumb/v7e-m+fp/hard/crti.o
LOAD /Applications/STM32CubeIDE.app/Contents/Eclipse/plugins/com.st.stm32cube.ide.mcu.externaltools.gnu-tools-for-stm32.13.3.rel1.macos64_1.0.100.202509120712/tools/bin/../lib/gcc/arm-none-eabi/13.3.1/thumb/v7e-m+fp/hard/crtbegin.o
LOAD /Applications/STM32CubeIDE.app/Contents/Eclipse/plugins/com.st.stm32cube.ide.mcu.externaltools.gnu-tools-for-stm32.13.3.rel1.macos64_1.0.100.202509120712/tools/bin/../lib/gcc/arm-none-eabi/13.3.1/../../../../arm-none-eabi/lib/thumb/v7e-m+fp/hard/crt0.o
LOAD ./Core/Src/button.o
LOAD ./Core/Src/led.o
LOAD ./Core/Src/main.o
LOAD ./Core/Src/stm32l4xx_hal_msp.o
LOAD ./Core/Src/stm32l4xx_it.o
LOAD ./Core/Src/syscalls.o
LOAD ./Core/Src/sysmem.o
LOAD ./Core/Src/system_stm32l4xx.o
LOAD ./Core/Startup/startup_stm32l475vgtx.o
LOAD ./Drivers/STM32L4xx_HAL_Driver/Src/stm32l4xx_hal.o
LOAD ./Drivers/STM32L4xx_HAL_Driver/Src/stm32l4xx_hal_cortex.o
LOAD ./Drivers/STM32L4xx_HAL_Driver/Src/stm32l4xx_hal_dma.o
LOAD ./Drivers/STM32L4xx_HAL_Driver/Src/stm32l4xx_hal_dma_ex.o
LOAD ./Drivers/STM32L4xx_HAL_Driver/Src/stm32l4xx_hal_exti.o
LOAD ./Drivers/STM32L4xx_HAL_Driver/Src/stm32l4xx_hal_flash.o
LOAD ./Drivers/STM32L4xx_HAL_Driver/Src/stm32l4xx_hal_flash_ex.o
LOAD ./Drivers/STM32L4xx_HAL_Driver/Src/stm32l4xx_hal_flash_ramfunc.o
LOAD ./Drivers/STM32L4xx_HAL_Driver/Src/stm32l4xx_hal_gpio.o
LOAD ./Drivers/STM32L4xx_HAL_Driver/Src/stm32l4xx_hal_i2c.o
LOAD ./Drivers/STM32L4xx_HAL_Driver/Src/stm32l4xx_hal_i2c_ex.o
LOAD ./Drivers/STM32L4xx_HAL_Driver/Src/stm32l4xx_hal_pwr.o
LOAD ./Drivers/STM32L4xx_HAL_Driver/Src/stm32l4xx_hal_pwr_ex.o
LOAD ./Drivers/STM32L4xx_HAL_Driver/Src/stm32l4xx_hal_rcc.o
LOAD ./Drivers/STM32L4xx_HAL_Driver/Src/stm32l4xx_hal_rcc_ex.o
START GROUP
LOAD /Applications/STM32CubeIDE.app/Contents/Eclipse/plugins/com.st.stm32cube.ide.mcu.externaltools.gnu-tools-for-stm32.13.3.rel1.macos64_1.0.100.202509120712/tools/bin/../lib/gcc/arm-none-eabi/13.3.1/../../../../arm-none-eabi/lib/thumb/v7e-m+fp/hard/libc_nano.a
LOAD /Applications/STM32CubeIDE.app/Contents/Eclipse/plugins/com.st.stm32cube.ide.mcu.externaltools.gnu-tools-for-stm32.13.3.rel1.macos64_1.0.100.202509120712/tools/bin/../lib/gcc/arm-none-eabi/13.3.1/../../../../arm-none-eabi/lib/thumb/v7e-m+fp/hard/libm.a
END GROUP
START GROUP
LOAD /Applications/STM32CubeIDE.app/Contents/Eclipse/plugins/com.st.stm32cube.ide.mcu.externaltools.gnu-tools-for-stm32.13.3.rel1.macos64_1.0.100.202509120712/tools/bin/../lib/gcc/arm-none-eabi/13.3.1/thumb/v7e-m+fp/hard/libgcc.a
LOAD /Applications/STM32CubeIDE.app/Contents/Eclipse/plugins/com.st.stm32cube.ide.mcu.externaltools.gnu-tools-for-stm32.13.3.rel1.macos64_1.0.100.202509120712/tools/bin/../lib/gcc/arm-none-eabi/13.3.1/../../../../arm-none-eabi/lib/thumb/v7e-m+fp/hard/libc_nano.a
END GROUP
START GROUP
LOAD /Applications/STM32CubeIDE.app/Contents/Eclipse/plugins/com.st.stm32cube.ide.mcu.externaltools.gnu-tools-for-stm32.13.3.rel1.macos64_1.0.100.202509120712/tools/bin/../lib/gcc/arm-none-eabi/13.3.1/thumb/v7e-m+fp/hard/libgcc.a
LOAD /Applications/STM32CubeIDE.app/Contents/Eclipse/plugins/com.st.stm32cube.ide.mcu.externaltools.gnu-tools-for-stm32.13.3.rel1.macos64_1.0.100.202509120712/tools/bin/../lib/gcc/arm-none-eabi/13.3.1/../../../../arm-none-eabi/lib/thumb/v7e-m+fp/hard/libc_nano.a
LOAD /Applications/STM32CubeIDE.app/Contents/Eclipse/plugins/com.st.stm32cube.ide.mcu.externaltools.gnu-tools-for-stm32.13.3.rel1.macos64_1.0.100.202509120712/tools/bin/../lib/gcc/arm-none-eabi/13.3.1/../../../../arm-none-eabi/lib/thumb/v7e-m+fp/hard/libnosys.a
END GROUP
START GROUP
LOAD /Applications/STM32CubeIDE.app/Contents/Eclipse/plugins/com.st.stm32cube.ide.mcu.externaltools.gnu-tools-for-stm32.13.3.rel1.macos64_1.0.100.202509120712/tools/bin/../lib/gcc/arm-none-eabi/13.3.1/thumb/v7e-m+fp/hard/libgcc.a
LOAD /Applications/STM32CubeIDE.app/Contents/Eclipse/plugins/com.st.stm32cube.ide.mcu.externaltools.gnu-tools-for-stm32.13.3.rel1.macos64_1.0.100.202509120712/tools/bin/../lib/gcc/arm-none-eabi/13.3.1/../../../../arm-none-eabi/lib/thumb/v7e-m+fp/hard/libc_nano.a
LOAD /Applications/STM32CubeIDE.app/Contents/Eclipse/plugins/com.st.stm32cube.ide.mcu.externaltools.gnu-tools-for-stm32.13.3.rel1.macos64_1.0.100.202509120712/tools/bin/../lib/gcc/arm-none-eabi/13.3.1/../../../../arm-none-eabi/lib/thumb/v7e-m+fp/hard/libnosys.a
END GROUP
LOAD /Applications/STM32CubeIDE.app/Contents/Eclipse/plugins/com.st.stm32cube.ide.mcu.externaltools.gnu-tools-for-stm32.13.3.rel1.macos64_1.0.100.202509120712/tools/bin/../lib/gcc/arm-none-eabi/13.3.1/thumb/v7e-m+fp/hard/crtend.o
LOAD /Applications/STM32CubeIDE.app/Contents/Eclipse/plugins/com.st.stm32cube.ide.mcu.externaltools.gnu-tools-for-stm32.13.3.rel1.macos64_1.0.100.202509120712/tools/bin/../lib/gcc/arm-none-eabi/13.3.1/thumb/v7e-m+fp/hard/crtn.o
                0x20018000                        _estack = (ORIGIN (RAM) + LENGTH (RAM))
                0x00000200                        _Min_Heap_Size = 0x200
                0x00000400                        _Min_Stack_Size = 0x400

.isr_vector     0x08000000      0x188
                0x08000000                        . = ALIGN (0x4)
 *(.isr_vector)
 .isr_vector    0x08000000      0x188 ./Core/Startup/startup_stm32l475vgtx.o
                0x08000000                g_pfnVectors
                0x08000188                        . = ALIGN (0x4)

.text           0x08000188     0x1788
                0x08000188                        . = ALIGN (0x4)
 *(.text)
 .text          0x08000188       0x40 /Applications/STM32CubeIDE.app/Contents/Eclipse/plugins/com.st.stm32cube.ide.mcu.externaltools.gnu-tools-for-stm32.13.3.rel1.macos64_1.0.100.202509120712/tools/bin/../lib/gcc/arm-none-eabi/13.3.1/thumb/v7e-m+fp/hard/crtbegin.o
 *(.text*)
 .text.Button_Init
                0x080001c8        0xe ./Core/Src/button.o
                0x080001c8                Button_Init
 *fill*         0x080001d6        0x2 
 .text.Button_EXTI_Handler
                0x080001d8       0x40 ./Core/Src/button.o
                0x080001d8                Button_EXTI_Handler
 .text.Button_WasPressed
                0x08000218       0x28 ./Core/Src/button.o
                0x08000218                Button_WasPressed
 .text.LED_Init
                0x08000240        0xe ./Core/Src/led.o
                0x08000240                LED_Init
 *fill*         0x0800024e        0x2 
 .text.LED_Toggle
                0x08000250       0x18 ./Core/Src/led.o
                0x08000250                LED_Toggle
 .text.main     0x08000268       0x28 ./Core/Src/main.o
                0x08000268                main
 .text.SystemClock_Config
                0x08000290       0xa2 ./Core/Src/main.o
                0x08000290                SystemClock_Config
 *fill*         0x08000332        0x2 
 .text.MX_GPIO_Init
                0x08000334       0xc8 ./Core/Src/main.o
 .text.HAL_GPIO_EXTI_Callback
                0x080003fc       0x1a ./Core/Src/main.o
                0x080003fc                HAL_GPIO_EXTI_Callback
 .text.Error_Handler
                0x08000416        0xc ./Core/Src/main.o
                0x08000416                Error_Handler
 *fill*         0x08000422        0x2 
 .text.HAL_MspInit
                0x08000424       0x48 ./Core/Src/stm32l4xx_hal_msp.o
                0x08000424                HAL_MspInit
 .text.NMI_Handler
                0x0800046c        0x8 ./Core/Src/stm32l4xx_it.o
                0x0800046c                NMI_Handler
 .text.HardFault_Handler
                0x08000474        0x8 ./Core/Src/stm32l4xx_it.o
                0x08000474                HardFault_Handler
 .text.MemManage_Handler
                0x0800047c        0x8 ./Core/Src/stm32l4xx_it.o
                0x0800047c                MemManage_Handler
 .text.BusFault_Handler
                0x08000484        0x8 ./Core/Src/stm32l4xx_it.o
                0x08000484                BusFault_Handler
 .text.UsageFault_Handler
                0x0800048c        0x8 ./Core/Src/stm32l4xx_it.o
                0x0800048c                UsageFault_Handler
 .text.SVC_Handler
                0x08000494        0xe ./Core/Src/stm32l4xx_it.o
                0x08000494                SVC_Handler
 .text.DebugMon_Handler
                0x080004a2        0xe ./Core/Src/stm32l4xx_it.o
                0x080004a2                DebugMon_Handler
 .text.PendSV_Handler
                0x080004b0        0xe ./Core/Src/stm32l4xx_it.o
                0x080004b0                PendSV_Handler
 .text.SysTick_Handler
                0x080004be        0xc ./Core/Src/stm32l4xx_it.o
                0x080004be                SysTick_Handler
 .text.EXTI15_10_IRQHandler
                0x080004ca       0x10 ./Core/Src/stm32l4xx_it.o
                0x080004ca                EXTI15_10_IRQHandler
 *fill*         0x080004da        0x2 
 .text.SystemInit
                0x080004dc       0x24 ./Core/Src/system_stm32l4xx.o
                0x080004dc                SystemInit
 .text.Reset_Handler
                0x08000500       0x50 ./Core/Startup/startup_stm32l475vgtx.o
                0x08000500                Reset_Handler
 .text.Default_Handler
                0x08000550        0x2 ./Core/Startup/startup_stm32l475vgtx.o
                0x08000550                TIM1_BRK_TIM15_IRQHandler
                0x08000550                EXTI2_IRQHandler
                0x08000550                TIM8_TRG_COM_IRQHandler
                0x08000550                TIM8_CC_IRQHandler
                0x08000550                TIM1_CC_IRQHandler
                0x08000550                TSC_IRQHandler
                0x08000550                TAMP_STAMP_IRQHandler
                0x08000550                EXTI3_IRQHandler
                0x08000550                LPTIM2_IRQHandler
                0x08000550                DFSDM1_FLT1_IRQHandler
                0x08000550                I2C3_ER_IRQHandler
                0x08000550                DFSDM1_FLT2_IRQHandler
                0x08000550                EXTI0_IRQHandler
                0x08000550                I2C2_EV_IRQHandler
                0x08000550                CAN1_RX0_IRQHandler
                0x08000550                FPU_IRQHandler
                0x08000550                TIM1_UP_TIM16_IRQHandler
                0x08000550                ADC1_2_IRQHandler
                0x08000550                SPI1_IRQHandler
                0x08000550                TIM6_DAC_IRQHandler
                0x08000550                TIM8_UP_IRQHandler
                0x08000550                DMA2_Channel2_IRQHandler
                0x08000550                DMA1_Channel4_IRQHandler
                0x08000550                SAI2_IRQHandler
                0x08000550                DFSDM1_FLT3_IRQHandler
                0x08000550                USART3_IRQHandler
                0x08000550                DMA1_Channel7_IRQHandler
                0x08000550                CAN1_RX1_IRQHandler
                0x08000550                UART5_IRQHandler
                0x08000550                ADC3_IRQHandler
                0x08000550                TIM4_IRQHandler
                0x08000550                DMA2_Channel1_IRQHandler
                0x08000550                QUADSPI_IRQHandler
                0x08000550                I2C1_EV_IRQHandler
                0x08000550                DMA1_Channel6_IRQHandler
                0x08000550                UART4_IRQHandler
                0x08000550                DMA2_Channel4_IRQHandler
                0x08000550                TIM3_IRQHandler
                0x08000550                RCC_IRQHandler
                0x08000550                DMA1_Channel1_IRQHandler
                0x08000550                Default_Handler
                0x08000550                DMA2_Channel7_IRQHandler
                0x08000550                TIM7_IRQHandler
                0x08000550                SDMMC1_IRQHandler
                0x08000550                TIM5_IRQHandler
                0x08000550                I2C3_EV_IRQHandler
                0x08000550                EXTI9_5_IRQHandler
                0x08000550                RTC_WKUP_IRQHandler
                0x08000550                PVD_PVM_IRQHandler
                0x08000550                SPI2_IRQHandler
                0x08000550                CAN1_TX_IRQHandler
                0x08000550                DMA2_Channel5_IRQHandler
                0x08000550                DMA1_Channel5_IRQHandler
                0x08000550                EXTI4_IRQHandler
                0x08000550                RNG_IRQHandler
                0x08000550                TIM1_TRG_COM_TIM17_IRQHandler
                0x08000550                DMA1_Channel3_IRQHandler
                0x08000550                COMP_IRQHandler
                0x08000550                WWDG_IRQHandler
                0x08000550                LPUART1_IRQHandler
                0x08000550                DMA2_Channel6_IRQHandler
                0x08000550                TIM2_IRQHandler
                0x08000550                EXTI1_IRQHandler
                0x08000550                USART2_IRQHandler
                0x08000550                DFSDM1_FLT0_IRQHandler
                0x08000550                I2C2_ER_IRQHandler
                0x08000550                DMA1_Channel2_IRQHandler
                0x08000550                TIM8_BRK_IRQHandler
                0x08000550                CAN1_SCE_IRQHandler
                0x08000550                FLASH_IRQHandler
                0x08000550                USART1_IRQHandler
                0x08000550                OTG_FS_IRQHandler
                0x08000550                SPI3_IRQHandler
                0x08000550                I2C1_ER_IRQHandler
                0x08000550                FMC_IRQHandler
                0x08000550                SWPMI1_IRQHandler
                0x08000550                LPTIM1_IRQHandler
                0x08000550                SAI1_IRQHandler
                0x08000550                DMA2_Channel3_IRQHandler
                0x08000550                RTC_Alarm_IRQHandler
 .text.HAL_Init
                0x08000552       0x30 ./Drivers/STM32L4xx_HAL_Driver/Src/stm32l4xx_hal.o
                0x08000552                HAL_Init
 *fill*         0x08000582        0x2 
 .text.HAL_InitTick
                0x08000584       0x78 ./Drivers/STM32L4xx_HAL_Driver/Src/stm32l4xx_hal.o
                0x08000584                HAL_InitTick
 .text.HAL_IncTick
                0x080005fc       0x28 ./Drivers/STM32L4xx_HAL_Driver/Src/stm32l4xx_hal.o
                0x080005fc                HAL_IncTick
 .text.HAL_GetTick
                0x08000624       0x18 ./Drivers/STM32L4xx_HAL_Driver/Src/stm32l4xx_hal.o
                0x08000624                HAL_GetTick
 .text.__NVIC_SetPriorityGrouping
                0x0800063c       0x48 ./Drivers/STM32L4xx_HAL_Driver/Src/stm32l4xx_hal_cortex.o
 .text.__NVIC_GetPriorityGrouping
                0x08000684       0x1c ./Drivers/STM32L4xx_HAL_Driver/Src/stm32l4xx_hal_cortex.o
 .text.__NVIC_EnableIRQ
                0x080006a0       0x3c ./Drivers/STM32L4xx_HAL_Driver/Src/stm32l4xx_hal_cortex.o
 .text.__NVIC_SetPriority
                0x080006dc       0x54 ./Drivers/STM32L4xx_HAL_Driver/Src/stm32l4xx_hal_cortex.o
 .text.NVIC_EncodePriority
                0x08000730       0x66 ./Drivers/STM32L4xx_HAL_Driver/Src/stm32l4xx_hal_cortex.o
 *fill*         0x08000796        0x2 
 .text.SysTick_Config
                0x08000798       0x44 ./Drivers/STM32L4xx_HAL_Driver/Src/stm32l4xx_hal_cortex.o
 .text.HAL_NVIC_SetPriorityGrouping
                0x080007dc       0x16 ./Drivers/STM32L4xx_HAL_Driver/Src/stm32l4xx_hal_cortex.o
                0x080007dc                HAL_NVIC_SetPriorityGrouping
 .text.HAL_NVIC_SetPriority
                0x080007f2       0x38 ./Drivers/STM32L4xx_HAL_Driver/Src/stm32l4xx_hal_cortex.o
                0x080007f2                HAL_NVIC_SetPriority
 .text.HAL_NVIC_EnableIRQ
                0x0800082a       0x1c ./Drivers/STM32L4xx_HAL_Driver/Src/stm32l4xx_hal_cortex.o
                0x0800082a                HAL_NVIC_EnableIRQ
 .text.HAL_SYSTICK_Config
                0x08000846       0x18 ./Drivers/STM32L4xx_HAL_Driver/Src/stm32l4xx_hal_cortex.o
                0x08000846                HAL_SYSTICK_Config
 *fill*         0x0800085e        0x2 
 .text.HAL_GPIO_Init
                0x08000860      0x354 ./Drivers/STM32L4xx_HAL_Driver/Src/stm32l4xx_hal_gpio.o
                0x08000860                HAL_GPIO_Init
 .text.HAL_GPIO_WritePin
                0x08000bb4       0x30 ./Drivers/STM32L4xx_HAL_Driver/Src/stm32l4xx_hal_gpio.o
                0x08000bb4                HAL_GPIO_WritePin
 .text.HAL_GPIO_TogglePin
                0x08000be4       0x34 ./Drivers/STM32L4xx_HAL_Driver/Src/stm32l4xx_hal_gpio.o
                0x08000be4                HAL_GPIO_TogglePin
 .text.HAL_GPIO_EXTI_IRQHandler
                0x08000c18       0x30 ./Drivers/STM32L4xx_HAL_Driver/Src/stm32l4xx_hal_gpio.o
                0x08000c18                HAL_GPIO_EXTI_IRQHandler
 .text.HAL_PWREx_GetVoltageRange
                0x08000c48       0x1c ./Drivers/STM32L4xx_HAL_Driver/Src/stm32l4xx_hal_pwr_ex.o
                0x08000c48                HAL_PWREx_GetVoltageRange
 .text.HAL_PWREx_ControlVoltageScaling
                0x08000c64       0xac ./Drivers/STM32L4xx_HAL_Driver/Src/stm32l4xx_hal_pwr_ex.o
                0x08000c64                HAL_PWREx_ControlVoltageScaling
 .text.HAL_RCC_OscConfig
                0x08000d10      0x7b8 ./Drivers/STM32L4xx_HAL_Driver/Src/stm32l4xx_hal_rcc.o
                0x08000d10                HAL_RCC_OscConfig
 .text.HAL_RCC_ClockConfig
                0x080014c8      0x200 ./Drivers/STM32L4xx_HAL_Driver/Src/stm32l4xx_hal_rcc.o
                0x080014c8                HAL_RCC_ClockConfig
 .text.HAL_RCC_GetSysClockFreq
                0x080016c8      0x118 ./Drivers/STM32L4xx_HAL_Driver/Src/stm32l4xx_hal_rcc.o
                0x080016c8                HAL_RCC_GetSysClockFreq
 .text.RCC_SetFlashLatencyFromMSIRange
                0x080017e0       0xc0 ./Drivers/STM32L4xx_HAL_Driver/Src/stm32l4xx_hal_rcc.o
 .text.memset   0x080018a0       0x10 /Applications/STM32CubeIDE.app/Contents/Eclipse/plugins/com.st.stm32cube.ide.mcu.externaltools.gnu-tools-for-stm32.13.3.rel1.macos64_1.0.100.202509120712/tools/bin/../lib/gcc/arm-none-eabi/13.3.1/../../../../arm-none-eabi/lib/thumb/v7e-m+fp/hard/libc_nano.a(libc_a-memset.o)
                0x080018a0                memset
 .text.__libc_init_array
                0x080018b0       0x48 /Applications/STM32CubeIDE.app/Contents/Eclipse/plugins/com.st.stm32cube.ide.mcu.externaltools.gnu-tools-for-stm32.13.3.rel1.macos64_1.0.100.202509120712/tools/bin/../lib/gcc/arm-none-eabi/13.3.1/../../../../arm-none-eabi/lib/thumb/v7e-m+fp/hard/libc_nano.a(libc_a-init.o)
                0x080018b0                __libc_init_array
 *(.glue_7)
 .glue_7        0x080018f8        0x0 linker stubs
 *(.glue_7t)
 .glue_7t       0x080018f8        0x0 linker stubs
 *(.eh_frame)
 .eh_frame      0x080018f8        0x0 /Applications/STM32CubeIDE.app/Contents/Eclipse/plugins/com.st.stm32cube.ide.mcu.externaltools.gnu-tools-for-stm32.13.3.rel1.macos64_1.0.100.202509120712/tools/bin/../lib/gcc/arm-none-eabi/13.3.1/thumb/v7e-m+fp/hard/crtbegin.o
 *(.init)
 .init          0x080018f8        0x4 /Applications/STM32CubeIDE.app/Contents/Eclipse/plugins/com.st.stm32cube.ide.mcu.externaltools.gnu-tools-for-stm32.13.3.rel1.macos64_1.0.100.202509120712/tools/bin/../lib/gcc/arm-none-eabi/13.3.1/thumb/v7e-m+fp/hard/crti.o
                0x080018f8                _init
 .init          0x080018fc        0x8 /Applications/STM32CubeIDE.app/Contents/Eclipse/plugins/com.st.stm32cube.ide.mcu.externaltools.gnu-tools-for-stm32.13.3.rel1.macos64_1.0.100.202509120712/tools/bin/../lib/gcc/arm-none-eabi/13.3.1/thumb/v7e-m+fp/hard/crtn.o
 *(.fini)
 .fini          0x08001904        0x4 /Applications/STM32CubeIDE.app/Contents/Eclipse/plugins/com.st.stm32cube.ide.mcu.externaltools.gnu-tools-for-stm32.13.3.rel1.macos64_1.0.100.202509120712/tools/bin/../lib/gcc/arm-none-eabi/13.3.1/thumb/v7e-m+fp/hard/crti.o
                0x08001904                _fini
 .fini          0x08001908        0x8 /Applications/STM32CubeIDE.app/Contents/Eclipse/plugins/com.st.stm32cube.ide.mcu.externaltools.gnu-tools-for-stm32.13.3.rel1.macos64_1.0.100.202509120712/tools/bin/../lib/gcc/arm-none-eabi/13.3.1/thumb/v7e-m+fp/hard/crtn.o
                0x08001910                        . = ALIGN (0x4)
                0x08001910                        _etext = .

.vfp11_veneer   0x08001910        0x0
 .vfp11_veneer  0x08001910        0x0 linker stubs

.v4_bx          0x08001910        0x0
 .v4_bx         0x08001910        0x0 linker stubs

.iplt           0x08001910        0x0
 .iplt          0x08001910        0x0 /Applications/STM32CubeIDE.app/Contents/Eclipse/plugins/com.st.stm32cube.ide.mcu.externaltools.gnu-tools-for-stm32.13.3.rel1.macos64_1.0.100.202509120712/tools/bin/../lib/gcc/arm-none-eabi/13.3.1/thumb/v7e-m+fp/hard/crtbegin.o

.rodata         0x08001910       0x40
                0x08001910                        . = ALIGN (0x4)
 *(.rodata)
 *(.rodata*)
 .rodata.AHBPrescTable
                0x08001910       0x10 ./Core/Src/system_stm32l4xx.o
                0x08001910                AHBPrescTable
 .rodata.MSIRangeTable
                0x08001920       0x30 ./Core/Src/system_stm32l4xx.o
                0x08001920                MSIRangeTable
                0x08001950                        . = ALIGN (0x4)

.ARM.extab      0x08001950        0x0
                0x08001950                        . = ALIGN (0x4)
 *(.ARM.extab* .gnu.linkonce.armextab.*)
                0x08001950                        . = ALIGN (0x4)

.ARM            0x08001950        0x0
                0x08001950                        . = ALIGN (0x4)
                0x08001950                        __exidx_start = .
 *(.ARM.exidx*)
                0x08001950                        __exidx_end = .
                0x08001950                        . = ALIGN (0x4)

.preinit_array  0x08001950        0x0
                0x08001950                        . = ALIGN (0x4)
                0x08001950                        PROVIDE (__preinit_array_start = .)
 *(.preinit_array*)
                0x08001950                        PROVIDE (__preinit_array_end = .)
                0x08001950                        . = ALIGN (0x4)

.init_array     0x08001950        0x4
                0x08001950                        . = ALIGN (0x4)
                0x08001950                        PROVIDE (__init_array_start = .)
 *(SORT_BY_NAME(.init_array.*))
 *(.init_array*)
 .init_array    0x08001950        0x4 /Applications/STM32CubeIDE.app/Contents/Eclipse/plugins/com.st.stm32cube.ide.mcu.externaltools.gnu-tools-for-stm32.13.3.rel1.macos64_1.0.100.202509120712/tools/bin/../lib/gcc/arm-none-eabi/13.3.1/thumb/v7e-m+fp/hard/crtbegin.o
                0x08001954                        PROVIDE (__init_array_end = .)
                0x08001954                        . = ALIGN (0x4)

.fini_array     0x08001954        0x4
                0x08001954                        . = ALIGN (0x4)
                [!provide]                        PROVIDE (__fini_array_start = .)
 *(SORT_BY_NAME(.fini_array.*))
 *(.fini_array*)
 .fini_array    0x08001954        0x4 /Applications/STM32CubeIDE.app/Contents/Eclipse/plugins/com.st.stm32cube.ide.mcu.externaltools.gnu-tools-for-stm32.13.3.rel1.macos64_1.0.100.202509120712/tools/bin/../lib/gcc/arm-none-eabi/13.3.1/thumb/v7e-m+fp/hard/crtbegin.o
                [!provide]                        PROVIDE (__fini_array_end = .)
                0x08001958                        . = ALIGN (0x4)
                0x08001958                        _sidata = LOADADDR (.data)

.rel.dyn        0x08001958        0x0
 .rel.iplt      0x08001958        0x0 /Applications/STM32CubeIDE.app/Contents/Eclipse/plugins/com.st.stm32cube.ide.mcu.externaltools.gnu-tools-for-stm32.13.3.rel1.macos64_1.0.100.202509120712/tools/bin/../lib/gcc/arm-none-eabi/13.3.1/thumb/v7e-m+fp/hard/crtbegin.o

.data           0x20000000        0xc load address 0x08001958
                0x20000000                        . = ALIGN (0x4)
                0x20000000                        _sdata = .
 *(.data)
 *(.data*)
 .data.SystemCoreClock
                0x20000000        0x4 ./Core/Src/system_stm32l4xx.o
                0x20000000                SystemCoreClock
 .data.uwTickPrio
                0x20000004        0x4 ./Drivers/STM32L4xx_HAL_Driver/Src/stm32l4xx_hal.o
                0x20000004                uwTickPrio
 .data.uwTickFreq
                0x20000008        0x1 ./Drivers/STM32L4xx_HAL_Driver/Src/stm32l4xx_hal.o
                0x20000008                uwTickFreq
 *(.RamFunc)
 *(.RamFunc*)
                0x2000000c                        . = ALIGN (0x4)
 *fill*         0x20000009        0x3 
                0x2000000c                        _edata = .

.igot.plt       0x2000000c        0x0 load address 0x08001964
 .igot.plt      0x2000000c        0x0 /Applications/STM32CubeIDE.app/Contents/Eclipse/plugins/com.st.stm32cube.ide.mcu.externaltools.gnu-tools-for-stm32.13.3.rel1.macos64_1.0.100.202509120712/tools/bin/../lib/gcc/arm-none-eabi/13.3.1/thumb/v7e-m+fp/hard/crtbegin.o
                0x2000000c                        . = ALIGN (0x4)

.bss            0x2000000c       0x28 load address 0x08001964
                0x2000000c                        _sbss = .
                0x2000000c                        __bss_start__ = _sbss
 *(.bss)
 .bss           0x2000000c       0x1c /Applications/STM32CubeIDE.app/Contents/Eclipse/plugins/com.st.stm32cube.ide.mcu.externaltools.gnu-tools-for-stm32.13.3.rel1.macos64_1.0.100.202509120712/tools/bin/../lib/gcc/arm-none-eabi/13.3.1/thumb/v7e-m+fp/hard/crtbegin.o
 *(.bss*)
 .bss.last_press_tick
                0x20000028        0x4 ./Core/Src/button.o
 .bss.button_event
                0x2000002c        0x1 ./Core/Src/button.o
 *fill*         0x2000002d        0x3 
 .bss.uwTick    0x20000030        0x4 ./Drivers/STM32L4xx_HAL_Driver/Src/stm32l4xx_hal.o
                0x20000030                uwTick
 *(COMMON)
                0x20000034                        . = ALIGN (0x4)
                0x20000034                        _ebss = .
                0x20000034                        __bss_end__ = _ebss

._user_heap_stack
                0x20000034      0x604 load address 0x08001964
                0x20000038                        . = ALIGN (0x8)
 *fill*         0x20000034        0x4 
                [!provide]                        PROVIDE (end = .)
                0x20000038                        PROVIDE (_end = .)
                0x20000238                        . = (. + _Min_Heap_Size)
 *fill*         0x20000038      0x200 
                0x20000638                        . = (. + _Min_Stack_Size)
 *fill*         0x20000238      0x400 
                0x20000638                        . = ALIGN (0x8)

/DISCARD/
 libc.a(*)
 libm.a(*)
 libgcc.a(*)

.ARM.attributes
                0x00000000       0x30
 *(.ARM.attributes)
 .ARM.attributes
                0x00000000       0x22 /Applications/STM32CubeIDE.app/Contents/Eclipse/plugins/com.st.stm32cube.ide.mcu.externaltools.gnu-tools-for-stm32.13.3.rel1.macos64_1.0.100.202509120712/tools/bin/../lib/gcc/arm-none-eabi/13.3.1/thumb/v7e-m+fp/hard/crti.o
 .ARM.attributes
                0x00000022       0x34 /Applications/STM32CubeIDE.app/Contents/Eclipse/plugins/com.st.stm32cube.ide.mcu.externaltools.gnu-tools-for-stm32.13.3.rel1.macos64_1.0.100.202509120712/tools/bin/../lib/gcc/arm-none-eabi/13.3.1/thumb/v7e-m+fp/hard/crtbegin.o
 .ARM.attributes
                0x00000056       0x34 ./Core/Src/button.o
 .ARM.attributes
                0x0000008a       0x34 ./Core/Src/led.o
 .ARM.attributes
                0x000000be       0x34 ./Core/Src/main.o
 .ARM.attributes
                0x000000f2       0x34 ./Core/Src/stm32l4xx_hal_msp.o
 .ARM.attributes
                0x00000126       0x34 ./Core/Src/stm32l4xx_it.o
 .ARM.attributes
                0x0000015a       0x34 ./Core/Src/system_stm32l4xx.o
 .ARM.attributes
                0x0000018e       0x21 ./Core/Startup/startup_stm32l475vgtx.o
 .ARM.attributes
                0x000001af       0x34 ./Drivers/STM32L4xx_HAL_Driver/Src/stm32l4xx_hal.o
 .ARM.attributes
                0x000001e3       0x34 ./Drivers/STM32L4xx_HAL_Driver/Src/stm32l4xx_hal_cortex.o
 .ARM.attributes
                0x00000217       0x34 ./Drivers/STM32L4xx_HAL_Driver/Src/stm32l4xx_hal_gpio.o
 .ARM.attributes
                0x0000024b       0x34 ./Drivers/STM32L4xx_HAL_Driver/Src/stm32l4xx_hal_pwr_ex.o
 .ARM.attributes
                0x0000027f       0x34 ./Drivers/STM32L4xx_HAL_Driver/Src/stm32l4xx_hal_rcc.o
 .ARM.attributes
                0x000002b3       0x34 /Applications/STM32CubeIDE.app/Contents/Eclipse/plugins/com.st.stm32cube.ide.mcu.externaltools.gnu-tools-for-stm32.13.3.rel1.macos64_1.0.100.202509120712/tools/bin/../lib/gcc/arm-none-eabi/13.3.1/../../../../arm-none-eabi/lib/thumb/v7e-m+fp/hard/libc_nano.a(libc_a-memset.o)
 .ARM.attributes
                0x000002e7       0x34 /Applications/STM32CubeIDE.app/Contents/Eclipse/plugins/com.st.stm32cube.ide.mcu.externaltools.gnu-tools-for-stm32.13.3.rel1.macos64_1.0.100.202509120712/tools/bin/../lib/gcc/arm-none-eabi/13.3.1/../../../../arm-none-eabi/lib/thumb/v7e-m+fp/hard/libc_nano.a(libc_a-init.o)
 .ARM.attributes
                0x0000031b       0x22 /Applications/STM32CubeIDE.app/Contents/Eclipse/plugins/com.st.stm32cube.ide.mcu.externaltools.gnu-tools-for-stm32.13.3.rel1.macos64_1.0.100.202509120712/tools/bin/../lib/gcc/arm-none-eabi/13.3.1/thumb/v7e-m+fp/hard/crtn.o
OUTPUT(stm32-bl475eiot1a1-gpio-button-interrupt.elf elf32-littlearm)
LOAD linker stubs
LOAD /Applications/STM32CubeIDE.app/Contents/Eclipse/plugins/com.st.stm32cube.ide.mcu.externaltools.gnu-tools-for-stm32.13.3.rel1.macos64_1.0.100.202509120712/tools/bin/../lib/gcc/arm-none-eabi/13.3.1/../../../../arm-none-eabi/lib/thumb/v7e-m+fp/hard/libc.a
LOAD /Applications/STM32CubeIDE.app/Contents/Eclipse/plugins/com.st.stm32cube.ide.mcu.externaltools.gnu-tools-for-stm32.13.3.rel1.macos64_1.0.100.202509120712/tools/bin/../lib/gcc/arm-none-eabi/13.3.1/../../../../arm-none-eabi/lib/thumb/v7e-m+fp/hard/libm.a
LOAD /Applications/STM32CubeIDE.app/Contents/Eclipse/plugins/com.st.stm32cube.ide.mcu.externaltools.gnu-tools-for-stm32.13.3.rel1.macos64_1.0.100.202509120712/tools/bin/../lib/gcc/arm-none-eabi/13.3.1/thumb/v7e-m+fp/hard/libgcc.a

.debug_info     0x00000000     0x4e3c
 .debug_info    0x00000000      0x195 ./Core/Src/button.o
 .debug_info    0x00000195      0x1e4 ./Core/Src/led.o
 .debug_info    0x00000379      0x9c8 ./Core/Src/main.o
 .debug_info    0x00000d41      0x301 ./Core/Src/stm32l4xx_hal_msp.o
 .debug_info    0x00001042      0x190 ./Core/Src/stm32l4xx_it.o
 .debug_info    0x000011d2      0x5e2 ./Core/Src/system_stm32l4xx.o
 .debug_info    0x000017b4       0x30 ./Core/Startup/startup_stm32l475vgtx.o
 .debug_info    0x000017e4      0xb27 ./Drivers/STM32L4xx_HAL_Driver/Src/stm32l4xx_hal.o
 .debug_info    0x0000230b      0xda7 ./Drivers/STM32L4xx_HAL_Driver/Src/stm32l4xx_hal_cortex.o
 .debug_info    0x000030b2      0x79f ./Drivers/STM32L4xx_HAL_Driver/Src/stm32l4xx_hal_gpio.o
 .debug_info    0x00003851      0x9a6 ./Drivers/STM32L4xx_HAL_Driver/Src/stm32l4xx_hal_pwr_ex.o
 .debug_info    0x000041f7      0xc45 ./Drivers/STM32L4xx_HAL_Driver/Src/stm32l4xx_hal_rcc.o

.debug_abbrev   0x00000000     0x133b
 .debug_abbrev  0x00000000       0xfb ./Core/Src/button.o
 .debug_abbrev  0x000000fb      0x107 ./Core/Src/led.o
 .debug_abbrev  0x00000202      0x252 ./Core/Src/main.o
 .debug_abbrev  0x00000454       0xdd ./Core/Src/stm32l4xx_hal_msp.o
 .debug_abbrev  0x00000531       0xca ./Core/Src/stm32l4xx_it.o
 .debug_abbrev  0x000005fb      0x117 ./Core/Src/system_stm32l4xx.o
 .debug_abbrev  0x00000712       0x24 ./Core/Startup/startup_stm32l475vgtx.o
 .debug_abbrev  0x00000736      0x243 ./Drivers/STM32L4xx_HAL_Driver/Src/stm32l4xx_hal.o
 .debug_abbrev  0x00000979      0x31c ./Drivers/STM32L4xx_HAL_Driver/Src/stm32l4xx_hal_cortex.o
 .debug_abbrev  0x00000c95      0x1d1 ./Drivers/STM32L4xx_HAL_Driver/Src/stm32l4xx_hal_gpio.o
 .debug_abbrev  0x00000e66      0x1f9 ./Drivers/STM32L4xx_HAL_Driver/Src/stm32l4xx_hal_pwr_ex.o
 .debug_abbrev  0x0000105f      0x2dc ./Drivers/STM32L4xx_HAL_Driver/Src/stm32l4xx_hal_rcc.o

.debug_aranges  0x00000000      0x600
 .debug_aranges
                0x00000000       0x30 ./Core/Src/button.o
 .debug_aranges
                0x00000030       0x28 ./Core/Src/led.o
 .debug_aranges
                0x00000058       0x40 ./Core/Src/main.o
 .debug_aranges
                0x00000098       0x20 ./Core/Src/stm32l4xx_hal_msp.o
 .debug_aranges
                0x000000b8       0x68 ./Core/Src/stm32l4xx_it.o
 .debug_aranges
                0x00000120       0x28 ./Core/Src/system_stm32l4xx.o
 .debug_aranges
                0x00000148       0x28 ./Core/Startup/startup_stm32l475vgtx.o
 .debug_aranges
                0x00000170      0x130 ./Drivers/STM32L4xx_HAL_Driver/Src/stm32l4xx_hal.o
 .debug_aranges
                0x000002a0      0x128 ./Drivers/STM32L4xx_HAL_Driver/Src/stm32l4xx_hal_cortex.o
 .debug_aranges
                0x000003c8       0x58 ./Drivers/STM32L4xx_HAL_Driver/Src/stm32l4xx_hal_gpio.o
 .debug_aranges
                0x00000420      0x150 ./Drivers/STM32L4xx_HAL_Driver/Src/stm32l4xx_hal_pwr_ex.o
 .debug_aranges
                0x00000570       0x90 ./Drivers/STM32L4xx_HAL_Driver/Src/stm32l4xx_hal_rcc.o

.debug_rnglists
                0x00000000      0x456
 .debug_rnglists
                0x00000000       0x1f ./Core/Src/button.o
 .debug_rnglists
                0x0000001f       0x19 ./Core/Src/led.o
 .debug_rnglists
                0x00000038       0x2d ./Core/Src/main.o
 .debug_rnglists
                0x00000065       0x13 ./Core/Src/stm32l4xx_hal_msp.o
 .debug_rnglists
                0x00000078       0x49 ./Core/Src/stm32l4xx_it.o
 .debug_rnglists
                0x000000c1       0x1a ./Core/Src/system_stm32l4xx.o
 .debug_rnglists
                0x000000db       0x19 ./Core/Startup/startup_stm32l475vgtx.o
 .debug_rnglists
                0x000000f4       0xdf ./Drivers/STM32L4xx_HAL_Driver/Src/stm32l4xx_hal.o
 .debug_rnglists
                0x000001d3       0xda ./Drivers/STM32L4xx_HAL_Driver/Src/stm32l4xx_hal_cortex.o
 .debug_rnglists
                0x000002ad       0x3f ./Drivers/STM32L4xx_HAL_Driver/Src/stm32l4xx_hal_gpio.o
 .debug_rnglists
                0x000002ec       0xfd ./Drivers/STM32L4xx_HAL_Driver/Src/stm32l4xx_hal_pwr_ex.o
 .debug_rnglists
                0x000003e9       0x6d ./Drivers/STM32L4xx_HAL_Driver/Src/stm32l4xx_hal_rcc.o

.debug_macro    0x00000000    0x244a9
 .debug_macro   0x00000000      0x1c0 ./Core/Src/button.o
 .debug_macro   0x000001c0      0xad8 ./Core/Src/button.o
 .debug_macro   0x00000c98      0x19b ./Core/Src/button.o
 .debug_macro   0x00000e33       0x2e ./Core/Src/button.o
 .debug_macro   0x00000e61       0x28 ./Core/Src/button.o
 .debug_macro   0x00000e89       0x22 ./Core/Src/button.o
 .debug_macro   0x00000eab       0x8e ./Core/Src/button.o
 .debug_macro   0x00000f39       0x51 ./Core/Src/button.o
 .debug_macro   0x00000f8a      0x103 ./Core/Src/button.o
 .debug_macro   0x0000108d       0x6a ./Core/Src/button.o
 .debug_macro   0x000010f7      0x1df ./Core/Src/button.o
 .debug_macro   0x000012d6       0x1c ./Core/Src/button.o
 .debug_macro   0x000012f2       0x22 ./Core/Src/button.o
 .debug_macro   0x00001314       0xfb ./Core/Src/button.o
 .debug_macro   0x0000140f     0x1011 ./Core/Src/button.o
 .debug_macro   0x00002420      0x11f ./Core/Src/button.o
 .debug_macro   0x0000253f    0x19ddb ./Core/Src/button.o
 .debug_macro   0x0001c31a       0x6d ./Core/Src/button.o
 .debug_macro   0x0001c387     0x38fb ./Core/Src/button.o
 .debug_macro   0x0001fc82      0x190 ./Core/Src/button.o
 .debug_macro   0x0001fe12       0x5c ./Core/Src/button.o
 .debug_macro   0x0001fe6e     0x1558 ./Core/Src/button.o
 .debug_macro   0x000213c6      0x5a5 ./Core/Src/button.o
 .debug_macro   0x0002196b      0x1b9 ./Core/Src/button.o
 .debug_macro   0x00021b24      0x17d ./Core/Src/button.o
 .debug_macro   0x00021ca1      0x2c4 ./Core/Src/button.o
 .debug_macro   0x00021f65      0x27a ./Core/Src/button.o
 .debug_macro   0x000221df      0x23d ./Core/Src/button.o
 .debug_macro   0x0002241c      0x241 ./Core/Src/button.o
 .debug_macro   0x0002265d      0x37c ./Core/Src/button.o
 .debug_macro   0x000229d9       0xd6 ./Core/Src/button.o
 .debug_macro   0x00022aaf      0x122 ./Core/Src/button.o
 .debug_macro   0x00022bd1      0x3e8 ./Core/Src/button.o
 .debug_macro   0x00022fb9      0x330 ./Core/Src/button.o
 .debug_macro   0x000232e9       0x22 ./Core/Src/button.o
 .debug_macro   0x0002330b      0x1b0 ./Core/Src/led.o
 .debug_macro   0x000234bb       0x10 ./Core/Src/led.o
 .debug_macro   0x000234cb      0x1cd ./Core/Src/main.o
 .debug_macro   0x00023698      0x1b1 ./Core/Src/stm32l4xx_hal_msp.o
 .debug_macro   0x00023849      0x1bb ./Core/Src/stm32l4xx_it.o
 .debug_macro   0x00023a04      0x1a7 ./Core/Src/system_stm32l4xx.o
 .debug_macro   0x00023bab      0x1f5 ./Drivers/STM32L4xx_HAL_Driver/Src/stm32l4xx_hal.o
 .debug_macro   0x00023da0      0x1a7 ./Drivers/STM32L4xx_HAL_Driver/Src/stm32l4xx_hal_cortex.o
 .debug_macro   0x00023f47      0x1ae ./Drivers/STM32L4xx_HAL_Driver/Src/stm32l4xx_hal_gpio.o
 .debug_macro   0x000240f5      0x1cb ./Drivers/STM32L4xx_HAL_Driver/Src/stm32l4xx_hal_pwr_ex.o
 .debug_macro   0x000242c0      0x1e9 ./Drivers/STM32L4xx_HAL_Driver/Src/stm32l4xx_hal_rcc.o

.debug_line     0x00000000     0x68ab
 .debug_line    0x00000000      0x6dd ./Core/Src/button.o
 .debug_line    0x000006dd      0x698 ./Core/Src/led.o
 .debug_line    0x00000d75      0x793 ./Core/Src/main.o
 .debug_line    0x00001508      0x696 ./Core/Src/stm32l4xx_hal_msp.o
 .debug_line    0x00001b9e      0x75d ./Core/Src/stm32l4xx_it.o
 .debug_line    0x000022fb      0x734 ./Core/Src/system_stm32l4xx.o
 .debug_line    0x00002a2f       0x7a ./Core/Startup/startup_stm32l475vgtx.o
 .debug_line    0x00002aa9      0xa9c ./Drivers/STM32L4xx_HAL_Driver/Src/stm32l4xx_hal.o
 .debug_line    0x00003545      0xc37 ./Drivers/STM32L4xx_HAL_Driver/Src/stm32l4xx_hal_cortex.o
 .debug_line    0x0000417c      0xaf0 ./Drivers/STM32L4xx_HAL_Driver/Src/stm32l4xx_hal_gpio.o
 .debug_line    0x00004c6c      0xc4e ./Drivers/STM32L4xx_HAL_Driver/Src/stm32l4xx_hal_pwr_ex.o
 .debug_line    0x000058ba      0xff1 ./Drivers/STM32L4xx_HAL_Driver/Src/stm32l4xx_hal_rcc.o

.debug_str      0x00000000    0xde882
 .debug_str     0x00000000    0xde882 ./Core/Src/button.o
                              0xdccde (size before relaxing)
 .debug_str     0x000de882        0x0 ./Core/Src/led.o
                              0xdcc83 (size before relaxing)
 .debug_str     0x000de882        0x0 ./Core/Src/main.o
                              0xdd613 (size before relaxing)
 .debug_str     0x000de882        0x0 ./Core/Src/stm32l4xx_hal_msp.o
                              0xdcd72 (size before relaxing)
 .debug_str     0x000de882        0x0 ./Core/Src/stm32l4xx_it.o
                              0xdcced (size before relaxing)
 .debug_str     0x000de882        0x0 ./Core/Src/system_stm32l4xx.o
                              0xdce27 (size before relaxing)
 .debug_str     0x000de882        0x0 ./Core/Startup/startup_stm32l475vgtx.o
                                 0x98 (size before relaxing)
 .debug_str     0x000de882        0x0 ./Drivers/STM32L4xx_HAL_Driver/Src/stm32l4xx_hal.o
                              0xdd9c6 (size before relaxing)
 .debug_str     0x000de882        0x0 ./Drivers/STM32L4xx_HAL_Driver/Src/stm32l4xx_hal_cortex.o
                              0xdd697 (size before relaxing)
 .debug_str     0x000de882        0x0 ./Drivers/STM32L4xx_HAL_Driver/Src/stm32l4xx_hal_gpio.o
                              0xdcfb2 (size before relaxing)
 .debug_str     0x000de882        0x0 ./Drivers/STM32L4xx_HAL_Driver/Src/stm32l4xx_hal_pwr_ex.o
                              0xdd347 (size before relaxing)
 .debug_str     0x000de882        0x0 ./Drivers/STM32L4xx_HAL_Driver/Src/stm32l4xx_hal_rcc.o
                              0xdd46d (size before relaxing)

.comment        0x00000000       0x43
 .comment       0x00000000       0x43 ./Core/Src/button.o
                                 0x44 (size before relaxing)
 .comment       0x00000043        0x0 ./Core/Src/led.o
                                 0x44 (size before relaxing)
 .comment       0x00000043        0x0 ./Core/Src/main.o
                                 0x44 (size before relaxing)
 .comment       0x00000043        0x0 ./Core/Src/stm32l4xx_hal_msp.o
                                 0x44 (size before relaxing)
 .comment       0x00000043        0x0 ./Core/Src/stm32l4xx_it.o
                                 0x44 (size before relaxing)
 .comment       0x00000043        0x0 ./Core/Src/system_stm32l4xx.o
                                 0x44 (size before relaxing)
 .comment       0x00000043        0x0 ./Drivers/STM32L4xx_HAL_Driver/Src/stm32l4xx_hal.o
                                 0x44 (size before relaxing)
 .comment       0x00000043        0x0 ./Drivers/STM32L4xx_HAL_Driver/Src/stm32l4xx_hal_cortex.o
                                 0x44 (size before relaxing)
 .comment       0x00000043        0x0 ./Drivers/STM32L4xx_HAL_Driver/Src/stm32l4xx_hal_gpio.o
                                 0x44 (size before relaxing)
 .comment       0x00000043        0x0 ./Drivers/STM32L4xx_HAL_Driver/Src/stm32l4xx_hal_pwr_ex.o
                                 0x44 (size before relaxing)
 .comment       0x00000043        0x0 ./Drivers/STM32L4xx_HAL_Driver/Src/stm32l4xx_hal_rcc.o
                                 0x44 (size before relaxing)

.debug_frame    0x00000000     0x1598
 .debug_frame   0x00000000       0x74 ./Core/Src/button.o
 .debug_frame   0x00000074       0x4c ./Core/Src/led.o
 .debug_frame   0x000000c0       0xb0 ./Core/Src/main.o
 .debug_frame   0x00000170       0x38 ./Core/Src/stm32l4xx_hal_msp.o
 .debug_frame   0x000001a8      0x120 ./Core/Src/stm32l4xx_it.o
 .debug_frame   0x000002c8       0x58 ./Core/Src/system_stm32l4xx.o
 .debug_frame   0x00000320      0x498 ./Drivers/STM32L4xx_HAL_Driver/Src/stm32l4xx_hal.o
 .debug_frame   0x000007b8      0x4e8 ./Drivers/STM32L4xx_HAL_Driver/Src/stm32l4xx_hal_cortex.o
 .debug_frame   0x00000ca0      0x14c ./Drivers/STM32L4xx_HAL_Driver/Src/stm32l4xx_hal_gpio.o
 .debug_frame   0x00000dec      0x544 ./Drivers/STM32L4xx_HAL_Driver/Src/stm32l4xx_hal_pwr_ex.o
 .debug_frame   0x00001330      0x21c ./Drivers/STM32L4xx_HAL_Driver/Src/stm32l4xx_hal_rcc.o
 .debug_frame   0x0000154c       0x20 /Applications/STM32CubeIDE.app/Contents/Eclipse/plugins/com.st.stm32cube.ide.mcu.externaltools.gnu-tools-for-stm32.13.3.rel1.macos64_1.0.100.202509120712/tools/bin/../lib/gcc/arm-none-eabi/13.3.1/../../../../arm-none-eabi/lib/thumb/v7e-m+fp/hard/libc_nano.a(libc_a-memset.o)
 .debug_frame   0x0000156c       0x2c /Applications/STM32CubeIDE.app/Contents/Eclipse/plugins/com.st.stm32cube.ide.mcu.externaltools.gnu-tools-for-stm32.13.3.rel1.macos64_1.0.100.202509120712/tools/bin/../lib/gcc/arm-none-eabi/13.3.1/../../../../arm-none-eabi/lib/thumb/v7e-m+fp/hard/libc_nano.a(libc_a-init.o)

.debug_line_str
                0x00000000       0x7c
 .debug_line_str
                0x00000000       0x7c ./Core/Startup/startup_stm32l475vgtx.o
